// Jest Snapshot v1, https://goo.gl/fbAQLP

exports[`render Confirm 1`] = `<DocumentFragment />`;
