// Jest Snapshot v1, https://goo.gl/fbAQLP

exports[`Test change image is correctly loaded 1`] = `
<DocumentFragment>
  <img
    alt="line-cook"
    class="css-1k2n4ns-Statement"
    src="/assets/img/line-cook.png"
  />
</DocumentFragment>
`;
